02/08/2001 8:07:32 AM Application Started.
02/08/2001 8:07:44 AM Application Ended.
02/08/2001 8:08:12 AM Application Started.
02/08/2001 8:08:24 AM Application Ended.
02/08/2001 9:02:25 AM Application Started.
02/08/2001 9:03:18 AM Retrieving members of JUSTICEX
02/08/2001 9:08:19 AM Application Started.
02/08/2001 9:08:30 AM Retrieving members of JUSTICEX
02/08/2001 9:12:03 AM Application Started.
02/08/2001 9:12:15 AM Retrieving members of JUSTICEX
02/08/2001 9:16:35 AM Application Started.
02/08/2001 9:16:52 AM Retrieving members of JUSTICEX
02/08/2001 9:24:07 AM Application Started.
02/08/2001 9:24:19 AM Retrieving members of JUSTICEX
02/08/2001 10:04:04 AM Application Started.
02/08/2001 10:04:18 AM Retrieving members of JUSTICEX
02/08/2001 10:04:18 AM Completed task
02/08/2001 10:05:07 AM Retrieving members of JUSTICEX
02/08/2001 10:05:07 AM Completed task
02/08/2001 10:05:21 AM Retrieving members of MOJ_MASTER
02/08/2001 10:05:49 AM Completed task
02/08/2001 10:05:54 AM Retrieving members of JUSTICEX
02/08/2001 10:05:54 AM Completed task
02/08/2001 10:06:26 AM Retrieving members of JUSTICEX
02/08/2001 10:07:14 AM Application Started.
02/08/2001 10:07:24 AM Retrieving members of JUSTICEX
02/08/2001 10:07:24 AM Completed task
02/08/2001 10:07:31 AM Application Ended.
02/08/2001 10:07:58 AM Application Started.
02/08/2001 10:08:43 AM Error contacting JUSTICEX. Is this a Domain name?
02/08/2001 10:08:48 AM Completed task
02/08/2001 10:10:06 AM Application Started.
02/08/2001 10:10:16 AM Retrieving members of JUSTICEX
02/08/2001 10:10:17 AM Completed task
02/08/2001 10:10:58 AM Error contacting JUSTICEX. Is this a Domain name?
02/08/2001 10:10:58 AM Completed task
02/08/2001 10:11:31 AM Retrieving members of JUSTICEX
02/08/2001 10:11:31 AM Completed task
02/08/2001 10:12:11 AM Retrieving members of JUSTICEX
02/08/2001 10:12:11 AM Completed task
02/08/2001 10:12:14 AM Retrieving members of JUSTICEX
02/08/2001 10:12:14 AM Completed task
02/08/2001 10:12:51 AM Retrieving members of JUSTICEX
02/08/2001 10:13:25 AM Completed task
02/08/2001 10:13:28 AM Application Ended.
02/08/2001 10:13:56 AM Application Started.
02/08/2001 10:14:49 AM Application Started.
02/08/2001 10:15:00 AM Retrieving members of JUSTICEX
02/08/2001 10:15:00 AM Completed task
02/08/2001 10:15:31 AM Retrieving members of JUSTICEX
02/08/2001 10:15:31 AM Completed task
02/08/2001 10:15:42 AM Retrieving members of MOJ_MASTER
02/08/2001 10:15:42 AM Completed task
02/08/2001 10:16:25 AM Retrieving members of MOJ_MASTER
02/08/2001 10:16:25 AM Completed task
02/08/2001 10:16:30 AM Retrieving members of MOJ_MASTER
02/08/2001 10:16:30 AM Completed task
02/08/2001 10:16:36 AM Retrieving members of MOJ_MASTER
02/08/2001 10:16:36 AM Completed task
02/08/2001 10:17:07 AM Retrieving members of MOJ_MASTER
02/08/2001 10:17:39 AM Completed task
02/08/2001 10:17:56 AM Application Ended.
02/08/2001 10:18:20 AM Application Started.
02/08/2001 10:18:36 AM Application Ended.
02/08/2001 10:18:37 AM Application Started.
02/08/2001 10:19:01 AM Application Started.
02/08/2001 10:20:23 AM Application Started.
02/08/2001 10:20:40 AM Retrieving members of JUSTICEX
02/08/2001 10:21:10 AM Completed task
02/08/2001 10:21:48 AM Application Started.
02/08/2001 10:22:10 AM Retrieving members of MOJ_MASTER
02/08/2001 10:22:41 AM Completed task
02/08/2001 10:23:50 AM Application Started.
02/08/2001 10:24:12 AM Application Started.
02/08/2001 10:26:03 AM Application Started.
02/08/2001 10:26:22 AM Retrieving members of MOJ_MASTER
02/08/2001 10:26:26 AM Completed task
02/08/2001 10:26:30 AM Application Ended.
02/08/2001 10:26:43 AM Application Started.
02/08/2001 10:26:53 AM Retrieving members of MOJ_MASTER
02/08/2001 10:26:56 AM Completed task
02/08/2001 10:27:00 AM Application Ended.
02/08/2001 10:27:17 AM Application Started.
02/08/2001 10:28:06 AM Application Started.
02/08/2001 10:28:18 AM Retrieving members of MOJ_MASTER
02/08/2001 10:28:21 AM Completed task
02/08/2001 10:28:27 AM Retrieving members of MOJ_MASTER
02/08/2001 10:30:18 AM Application Started.
02/08/2001 10:31:53 AM Application Started.
02/08/2001 10:33:09 AM Access denied whilst contacting JUSTICEX
02/08/2001 10:33:09 AM Completed task
02/08/2001 10:33:13 AM Retrieving members of JUSTICEX
02/08/2001 10:33:17 AM Completed task
02/08/2001 10:33:32 AM Retrieving members of JUSTICEX
02/08/2001 10:33:37 AM Completed task
02/08/2001 10:33:46 AM Retrieving members of JUSTICEX
02/08/2001 10:33:46 AM Completed task
02/08/2001 10:33:53 AM Application Ended.
02/08/2001 10:34:51 AM Application Started.
02/08/2001 10:35:05 AM Retrieving members of JUSTICEX
02/08/2001 10:35:09 AM Completed task
02/08/2001 10:35:13 AM Retrieving members of JUSTICEX
02/08/2001 10:35:14 AM Completed task
02/08/2001 10:35:17 AM Retrieving members of JUSTICEX
02/08/2001 10:35:17 AM Completed task
02/08/2001 10:35:23 AM Retrieving members of JUSTICEX
02/08/2001 10:35:23 AM Completed task
02/08/2001 10:35:25 AM Application Ended.
02/08/2001 10:35:49 AM Application Started.
02/08/2001 10:36:18 AM Error contacting JUSTICEX. Is this a Domain name?
02/08/2001 10:36:18 AM Completed task
02/08/2001 10:36:44 AM Retrieving members of MOJ_MASTER
02/08/2001 10:37:02 AM Application Started.
02/08/2001 10:37:12 AM Retrieving members of JUSTICEX
02/08/2001 10:38:16 AM Completed task
02/08/2001 10:38:26 AM Retrieving members of JUSTICEX
02/08/2001 10:38:29 AM Completed task
02/08/2001 10:38:59 AM Retrieving members of JUSTICEX
02/08/2001 10:39:18 AM Completed task
02/08/2001 10:42:29 AM Retrieving members of JUSTICEX
02/08/2001 10:48:11 AM Completed task
02/08/2001 10:54:29 AM Application Ended.
02/08/2001 10:55:39 AM Application Started.
02/08/2001 10:55:55 AM Retrieving members of JUSTICEX
02/08/2001 10:59:36 AM Completed task
02/08/2001 11:01:41 AM Application Started.
02/08/2001 11:01:50 AM Retrieving members of JUSTICEX
02/08/2001 11:04:50 AM Application Started.
02/08/2001 11:05:00 AM Retrieving members of JUSTICEX
02/08/2001 11:08:19 AM Application Started.
02/08/2001 11:10:13 AM Retrieving members of MOJ_MASTER
02/08/2001 11:11:28 AM Retrieving members of JUSTICEX
02/08/2001 11:11:28 AM Completed task
02/08/2001 11:11:38 AM Retrieving members of JUSTICEX
02/08/2001 11:11:38 AM Completed task
02/08/2001 11:11:40 AM Application Ended.
02/08/2001 11:11:43 AM Application Started.
02/08/2001 11:12:05 AM Retrieving members of JUSTICEX
02/08/2001 11:12:05 AM Completed task
02/08/2001 11:12:18 AM Retrieving members of JUSTICEX
02/08/2001 11:12:18 AM Completed task
02/08/2001 11:12:20 AM Retrieving members of JUSTICEX
02/08/2001 11:12:20 AM Completed task
02/08/2001 11:12:21 AM Retrieving members of JUSTICEX
02/08/2001 11:12:21 AM Completed task
02/08/2001 11:12:21 AM Retrieving members of JUSTICEX
02/08/2001 11:12:21 AM Completed task
02/08/2001 11:12:22 AM Retrieving members of JUSTICEX
02/08/2001 11:12:22 AM Completed task
02/08/2001 11:12:23 AM Retrieving members of JUSTICEX
02/08/2001 11:12:23 AM Completed task
02/08/2001 11:12:31 AM Retrieving members of JUSTICEX
02/08/2001 11:12:31 AM Completed task
02/08/2001 11:13:49 AM Retrieving members of JUSTICEX
02/08/2001 11:13:49 AM Completed task
02/08/2001 11:13:56 AM Retrieving members of JUSTICEX
02/08/2001 11:13:56 AM Completed task
02/08/2001 11:14:02 AM Retrieving members of JUSTICEX
02/08/2001 11:14:03 AM Completed task
02/08/2001 11:14:05 AM Application Ended.
02/08/2001 11:14:35 AM Application Started.
02/08/2001 11:15:12 AM Retrieving members of JUSTICEX
02/08/2001 11:15:22 AM Completed task
02/08/2001 11:16:59 AM Retrieving members of MOJ_MASTER
02/08/2001 11:27:39 AM Completed task
02/08/2001 11:35:15 AM Application Started.
02/08/2001 11:35:23 AM Application Ended.
02/08/2001 11:35:47 AM Application Started.
02/08/2001 11:35:49 AM Application Ended.
02/08/2001 11:36:42 AM Application Started.
02/08/2001 11:36:45 AM Application Ended.
02/08/2001 11:38:28 AM Application Started.
02/08/2001 11:39:17 AM Retrieving members of JUSTICEX
02/08/2001 11:39:42 AM Completed task
02/08/2001 11:40:17 AM Retrieving members of MOJ_MASTER
02/08/2001 11:51:09 AM Application Ended.
02/08/2001 12:14:28 PM Application Started.
02/08/2001 12:41:23 PM Retrieving members of JUSTICEX
02/08/2001 12:41:23 PM Completed task
02/08/2001 12:41:27 PM Application Ended.
02/08/2001 12:48:11 PM Application Started.
02/08/2001 12:48:42 PM Retrieving members of JUSTICEX
02/08/2001 12:48:42 PM Completed task
02/08/2001 12:51:03 PM Retrieving members of MOJ_MASTER
02/08/2001 12:51:29 PM Completed task
02/08/2001 12:51:34 PM Application Ended.
02/08/2001 12:51:36 PM Application Started.
02/08/2001 12:51:38 PM Application Ended.
