01/08/2001 7:28:54 AM Application Started.
01/08/2001 7:29:35 AM Application Ended.
01/08/2001 8:13:38 AM Application Started.
01/08/2001 8:14:24 AM Retrieving members of domain
01/08/2001 8:14:24 AM Completed task
01/08/2001 8:14:47 AM Retrieving members of domain
01/08/2001 8:14:48 AM Completed task
01/08/2001 8:15:00 AM Retrieving members of domain
01/08/2001 8:15:02 AM Completed task
01/08/2001 8:15:43 AM Retrieving members of tusk
01/08/2001 8:15:43 AM Completed task
01/08/2001 8:18:41 AM Application Ended.
01/08/2001 9:50:21 AM Application Started.
01/08/2001 9:54:17 AM Application Ended.
01/08/2001 9:54:24 AM Application Started.
01/08/2001 9:57:01 AM Application Started.
01/08/2001 10:05:08 AM Retrieving members of justicex
01/08/2001 10:05:08 AM Completed task
01/08/2001 10:05:27 AM Application Ended.
01/08/2001 10:18:16 AM Application Started.
01/08/2001 10:18:32 AM Retrieving members of JUSTICEX
01/08/2001 10:18:33 AM Completed task
01/08/2001 10:18:43 AM Application Ended.
01/08/2001 10:19:08 AM Application Started.
01/08/2001 10:19:22 AM Retrieving members of JUSTICEX
01/08/2001 10:20:10 AM Completed task
01/08/2001 10:20:20 AM Retrieving members of JUSTICEX
01/08/2001 10:24:01 AM Application Started.
01/08/2001 10:24:14 AM Retrieving members of JUSTICEX
01/08/2001 10:24:55 AM Completed task
01/08/2001 10:24:59 AM Application Ended.
01/08/2001 10:32:37 AM Application Started.
01/08/2001 10:33:53 AM Application Started.
01/08/2001 10:33:56 AM Application Ended.
01/08/2001 10:33:59 AM Application Started.
01/08/2001 10:35:23 AM Application Started.
01/08/2001 10:36:03 AM Application Started.
01/08/2001 10:36:17 AM Retrieving members of JUSTICEX
01/08/2001 10:36:29 AM Completed task
01/08/2001 10:36:43 AM Application Ended.
01/08/2001 10:37:38 AM Application Started.
01/08/2001 10:37:55 AM Retrieving members of JUSTICEX
01/08/2001 10:37:56 AM Completed task
01/08/2001 10:40:57 AM Application Ended.
01/08/2001 10:41:14 AM Application Started.
01/08/2001 10:41:31 AM Retrieving members of JUSTICEX
01/08/2001 10:41:34 AM Completed task
01/08/2001 10:42:18 AM Application Ended.
01/08/2001 10:53:37 AM Application Started.
01/08/2001 10:53:59 AM Retrieving members of JUSTICEX
01/08/2001 10:54:15 AM Completed task
01/08/2001 10:54:19 AM Application Ended.
01/08/2001 10:57:08 AM Application Started.
01/08/2001 10:57:20 AM Retrieving members of JUSTICEX
01/08/2001 10:58:12 AM Completed task
01/08/2001 10:58:20 AM Application Ended.
01/08/2001 11:03:08 AM Application Started.
01/08/2001 11:03:25 AM Retrieving members of JUSTICEX
01/08/2001 11:04:20 AM Completed task
01/08/2001 11:08:43 AM Retrieving members of JUSTICEX
01/08/2001 11:09:40 AM Completed task
01/08/2001 11:14:18 AM Retrieving members of JUSTICEX
01/08/2001 11:14:19 AM Completed task
01/08/2001 11:14:41 AM Application Ended.
01/08/2001 11:21:43 AM Application Started.
01/08/2001 11:21:54 AM Retrieving members of JUSTICEX
01/08/2001 11:21:58 AM Completed task
01/08/2001 11:25:43 AM Application Started.
01/08/2001 11:25:56 AM Retrieving members of JUSTICEX
01/08/2001 11:25:59 AM Completed task
01/08/2001 11:29:12 AM Application Ended.
01/08/2001 11:29:14 AM Application Started.
01/08/2001 11:40:55 AM Retrieving members of JUSTICEX
01/08/2001 11:40:57 AM Completed task
01/08/2001 11:41:27 AM Retrieving members of JUSTICEX
01/08/2001 11:41:27 AM Completed task
01/08/2001 11:42:28 AM Retrieving members of JUSTICE
01/08/2001 11:42:55 AM Completed task
01/08/2001 11:43:30 AM Retrieving members of JUSTICE
01/08/2001 11:43:51 AM Completed task
01/08/2001 11:45:09 AM Retrieving members of JUSTICE
01/08/2001 11:45:32 AM Completed task
01/08/2001 11:45:59 AM Retrieving members of JUSTICE
01/08/2001 11:46:23 AM Completed task
01/08/2001 11:46:38 AM Application Ended.
01/08/2001 11:46:40 AM Application Started.
01/08/2001 11:46:42 AM Application Ended.
01/08/2001 11:47:16 AM Application Started.
01/08/2001 11:47:38 AM Retrieving members of JUSTICE
01/08/2001 11:48:04 AM Completed task
01/08/2001 11:48:45 AM Retrieving members of JUSTICE
01/08/2001 11:49:05 AM Completed task
01/08/2001 11:49:29 AM Retrieving members of JUSTICE
01/08/2001 11:50:27 AM Completed task
01/08/2001 11:50:35 AM Retrieving members of JUSTICE
01/08/2001 11:52:14 AM Completed task
01/08/2001 11:52:28 AM Retrieving members of JUSTICE
01/08/2001 11:53:23 AM Completed task
01/08/2001 11:54:45 AM Application Started.
01/08/2001 11:55:04 AM Retrieving members of JUSTICEX
01/08/2001 1:41:06 PM Completed task
01/08/2001 1:41:21 PM Application Ended.
01/08/2001 2:44:25 PM Application Started.
01/08/2001 2:45:04 PM Retrieving members of scjudg
01/08/2001 2:45:22 PM Completed task
01/08/2001 2:47:52 PM Retrieving members of scjudg
01/08/2001 2:47:52 PM Completed task
01/08/2001 2:48:14 PM Application Ended.
01/08/2001 2:48:54 PM Application Started.
01/08/2001 2:49:14 PM Application Ended.
01/08/2001 2:50:22 PM Application Started.
01/08/2001 2:50:50 PM Retrieving members of scjudg
01/08/2001 2:54:22 PM Application Started.
01/08/2001 2:54:44 PM Retrieving members of scjudg
01/08/2001 3:07:43 PM Completed task
01/08/2001 3:09:10 PM Application Ended.
01/08/2001 3:42:05 PM Application Started.
01/08/2001 3:42:26 PM Retrieving members of dcjudg
01/08/2001 3:49:20 PM Completed task
01/08/2001 3:50:46 PM Retrieving members of dcjudg
01/08/2001 3:51:15 PM Completed task
01/08/2001 3:52:51 PM Retrieving members of dcjudg
01/08/2001 3:53:42 PM Application Ended.
01/08/2001 4:00:31 PM Application Started.
01/08/2001 4:13:58 PM Retrieving members of vss
01/08/2001 4:14:30 PM Completed task
01/08/2001 4:14:47 PM Retrieving members of vss
01/08/2001 4:15:19 PM Completed task
01/08/2001 4:17:01 PM Application Ended.
01/08/2001 8:11:12 PM Application Started.
01/08/2001 8:11:55 PM Application Started.
01/08/2001 8:13:58 PM Application Started.
01/08/2001 8:14:17 PM Retrieving members of warnbro
01/08/2001 8:14:19 PM Completed task
01/08/2001 8:14:41 PM Retrieving members of warnbro
01/08/2001 8:14:41 PM Completed task
01/08/2001 8:14:55 PM Retrieving members of warnbro
01/08/2001 8:14:55 PM Completed task
01/08/2001 8:15:05 PM Retrieving members of warnbro
01/08/2001 8:15:07 PM Completed task
01/08/2001 8:15:15 PM Retrieving members of warnbro
01/08/2001 8:15:15 PM Completed task
01/08/2001 8:15:21 PM Application Ended.
01/08/2001 8:16:45 PM Application Started.
01/08/2001 8:17:02 PM Retrieving members of warnbro
01/08/2001 8:17:04 PM Completed task
01/08/2001 8:17:16 PM Retrieving members of warnbro
01/08/2001 8:17:17 PM Completed task
01/08/2001 8:17:23 PM Application Ended.
01/08/2001 8:18:31 PM Application Started.
01/08/2001 8:18:46 PM Retrieving members of warnbro
01/08/2001 8:18:59 PM Completed task
01/08/2001 8:19:11 PM Application Ended.
01/08/2001 8:28:09 PM Application Started.
01/08/2001 8:30:31 PM Application Started.
01/08/2001 8:30:45 PM Retrieving members of warnbro
01/08/2001 8:30:58 PM Completed task
01/08/2001 8:31:19 PM Retrieving members of warnbro
01/08/2001 8:31:31 PM Completed task
01/08/2001 8:37:01 PM Retrieving members of warnbro
01/08/2001 8:37:05 PM Application Ended.
01/08/2001 8:46:32 PM Application Started.
01/08/2001 8:46:48 PM Retrieving members of warnbro
01/08/2001 9:28:25 PM Application Started.
01/08/2001 9:28:52 PM Retrieving members of warnbro
01/08/2001 9:29:27 PM Application Started.
01/08/2001 9:29:39 PM Retrieving members of warnbro
01/08/2001 9:32:00 PM Application Started.
01/08/2001 9:32:14 PM Retrieving members of warnbro
01/08/2001 9:52:06 PM Application Started.
01/08/2001 9:52:21 PM Retrieving members of warnbro
01/08/2001 9:59:07 PM Application Started.
01/08/2001 9:59:16 PM Retrieving members of warnbro
01/08/2001 10:00:15 PM Application Started.
01/08/2001 10:00:34 PM Retrieving members of warnbro
01/08/2001 10:19:27 PM Application Started.
01/08/2001 10:19:42 PM Retrieving members of warnbro
01/08/2001 10:28:27 PM Application Started.
01/08/2001 10:28:41 PM Retrieving members of WARNBRO
01/08/2001 10:36:15 PM Application Started.
01/08/2001 10:36:27 PM Retrieving members of WARNBRO
01/08/2001 10:45:29 PM Application Started.
01/08/2001 10:45:43 PM Retrieving members of WARNBRO
01/08/2001 10:47:03 PM Application Started.
01/08/2001 10:47:12 PM Retrieving members of warnbro
01/08/2001 10:47:17 PM Completed task
01/08/2001 10:47:52 PM Retrieving members of warnbro
01/08/2001 10:47:53 PM Completed task
01/08/2001 10:48:01 PM Retrieving members of warnbro
01/08/2001 10:50:17 PM Application Started.
01/08/2001 10:50:52 PM Retrieving members of WARNBRO
01/08/2001 10:56:16 PM Application Started.
01/08/2001 10:56:18 PM Application Ended.
01/08/2001 10:56:55 PM Application Started.
01/08/2001 10:57:15 PM Retrieving members of warnbro
01/08/2001 11:03:23 PM Application Started.
01/08/2001 11:03:35 PM Retrieving members of WARNBRO
01/08/2001 11:04:38 PM Application Started.
01/08/2001 11:04:51 PM Retrieving members of WARNBRO
01/08/2001 11:06:27 PM Application Started.
01/08/2001 11:06:36 PM Retrieving members of WARNBRO
01/08/2001 11:11:52 PM Application Started.
01/08/2001 11:12:06 PM Retrieving members of WARNBRO
01/08/2001 11:13:24 PM Application Started.
01/08/2001 11:13:34 PM Retrieving members of WARNBRO
01/08/2001 11:17:37 PM Application Started.
01/08/2001 11:17:54 PM Retrieving members of WARNBRO
01/08/2001 11:27:52 PM Application Started.
01/08/2001 11:28:12 PM Application Started.
01/08/2001 11:28:19 PM Application Ended.
01/08/2001 11:29:25 PM Application Started.
01/08/2001 11:29:46 PM Retrieving members of WARNBRO
01/08/2001 11:29:57 PM Completed task
01/08/2001 11:30:23 PM Application Ended.
01/08/2001 11:30:45 PM Application Started.
01/08/2001 11:30:51 PM Application Ended.
01/08/2001 11:38:14 PM Application Started.
01/08/2001 11:38:23 PM Application Ended.
01/08/2001 11:39:12 PM Application Started.
01/08/2001 11:42:33 PM Application Started.
01/08/2001 11:42:39 PM Application Ended.
01/08/2001 11:42:55 PM Application Started.
01/08/2001 11:43:32 PM Application Started.
01/08/2001 11:44:55 PM Application Started.
01/08/2001 11:45:59 PM Application Started.
01/08/2001 11:47:47 PM Application Started.
01/08/2001 11:49:00 PM Application Started.
01/08/2001 11:50:15 PM Application Started.
01/08/2001 11:50:38 PM Application Started.
01/08/2001 11:51:16 PM Application Started.
01/08/2001 11:51:43 PM Application Started.
01/08/2001 11:52:23 PM Application Started.
01/08/2001 11:52:49 PM Application Started.
01/08/2001 11:52:57 PM Retrieving members of WARNBRO
