30/07/2001 5:36:41 PM Ended.
--------------------------------------------------------
30/07/2001 5:36:47 PM Ended.
--------------------------------------------------------
30/07/2001 5:39:03 PM Ended.
--------------------------------------------------------
30/07/2001 5:40:33 PM Started.
--------------------------------------------------------
30/07/2001 5:40:37 PM Ended.
--------------------------------------------------------
30/07/2001 5:43:12 PM Application Started.
--------------------------------------------------------
30/07/2001 5:43:24 PM Application Ended.
--------------------------------------------------------
30/07/2001 5:49:46 PM Application Started.
--------------------------------------------------------
30/07/2001 5:50:03 PM Application Ended.
--------------------------------------------------------
30/07/2001 5:50:30 PM Application Started.
--------------------------------------------------------
30/07/2001 5:50:54 PM Application Ended.
--------------------------------------------------------
30/07/2001 5:51:25 PM Application Started.
--------------------------------------------------------
30/07/2001 5:51:29 PM Application Ended.
--------------------------------------------------------
30/07/2001 5:51:52 PM Application Started.
--------------------------------------------------------
30/07/2001 5:52:03 PM Application Ended.
--------------------------------------------------------
30/07/2001 5:55:22 PM Application Started.
30/07/2001 5:55:27 PM Retrieving members of DELLP1000
30/07/2001 5:55:29 PM Application Ended.
30/07/2001 5:56:43 PM Application Started.
30/07/2001 5:56:45 PM Retrieving members of DELLP1000
30/07/2001 5:56:45 PM Completed task
30/07/2001 5:56:47 PM Application Ended.
30/07/2001 5:58:37 PM Application Started.
30/07/2001 5:58:38 PM Application Ended.
30/07/2001 9:12:31 PM Application Started.
30/07/2001 9:22:27 PM Application Started.
30/07/2001 9:23:16 PM Retrieving members of DELLP1000
30/07/2001 9:23:16 PM Completed task
30/07/2001 9:23:24 PM Application Ended.
30/07/2001 9:23:26 PM Application Started.
30/07/2001 9:23:38 PM Error -2147024843 (Automation error
The network path was not found. ) whilst contactingWARNBRO
30/07/2001 9:25:56 PM Application Started.
30/07/2001 9:26:11 PM Error -2147024843 (Automation error
The network path was not found. ) whilst contactingwarnbro
30/07/2001 9:26:11 PM Completed task
30/07/2001 9:26:16 PM Application Ended.
30/07/2001 9:26:59 PM Application Started.
30/07/2001 9:27:10 PM Error -2147024843 (Automation error
The network path was not found. ) whilst contactingwarnbro
30/07/2001 9:27:10 PM Completed task
30/07/2001 9:27:24 PM Application Ended.
30/07/2001 9:28:00 PM Application Started.
30/07/2001 9:28:04 PM Retrieving members of DELLP1000
30/07/2001 9:28:04 PM Completed task
30/07/2001 9:28:10 PM Application Ended.
30/07/2001 9:28:49 PM Application Started.
30/07/2001 9:28:54 PM Retrieving members of DELLP1000
30/07/2001 9:28:54 PM Completed task
30/07/2001 9:29:07 PM Error -2147024843 (Automation error
The network path was not found. ) whilst contactingwarnbro
30/07/2001 9:29:07 PM Completed task
30/07/2001 9:29:21 PM Application Ended.
30/07/2001 9:29:52 PM Application Started.
30/07/2001 9:30:02 PM Error -2147024843 (Automation error
The network path was not found. ) whilst contactingwarnbro
30/07/2001 9:30:02 PM Completed task
30/07/2001 9:30:12 PM Application Ended.
30/07/2001 9:30:43 PM Application Started.
30/07/2001 9:30:54 PM Error -2147024843 (Automation error
The network path was not found. ) whilst contacting warnbro
30/07/2001 9:30:54 PM Completed task
30/07/2001 9:31:14 PM Application Ended.
30/07/2001 9:31:41 PM Application Started.
30/07/2001 9:31:51 PM Error -2147024843 (Automation error
The network path was not found. ) whilst contacting warnbro
30/07/2001 9:31:51 PM Completed task
30/07/2001 9:32:00 PM Application Ended.
30/07/2001 9:33:04 PM Application Started.
30/07/2001 9:33:12 PM Error -2147024843 (Automation error The network path was not found. ) whilst contacting warnbro
30/07/2001 9:33:12 PM Completed task
30/07/2001 9:33:20 PM Application Ended.
30/07/2001 9:34:02 PM Application Started.
30/07/2001 9:34:12 PM Error -2147024843 (Automation error The network path was not found. ) whilst contacting warnbro
30/07/2001 9:34:12 PM Completed task
30/07/2001 9:34:36 PM Error -2147024843 (Automation error The network path was not found. ) whilst contacting warnbro
30/07/2001 9:34:36 PM Completed task
30/07/2001 9:34:38 PM Application Ended.
30/07/2001 9:38:47 PM Application Started.
30/07/2001 9:39:00 PM Error -2147024843 (Automation error The network path was not found. ) whilst contacting warnbro
30/07/2001 9:39:00 PM Completed task
30/07/2001 9:39:04 PM Application Ended.
30/07/2001 9:40:17 PM Application Started.
30/07/2001 9:40:22 PM Access denied whilst contacting server
30/07/2001 9:40:22 PM Completed task
30/07/2001 9:40:38 PM Retrieving members of server
30/07/2001 9:40:40 PM Completed task
30/07/2001 9:40:51 PM Application Ended.
30/07/2001 9:41:14 PM Application Started.
30/07/2001 9:41:20 PM Retrieving members of server
30/07/2001 9:41:22 PM Completed task
30/07/2001 9:41:43 PM Application Ended.
30/07/2001 9:43:06 PM Application Started.
30/07/2001 9:43:19 PM Retrieving members of server
30/07/2001 9:43:21 PM Completed task
30/07/2001 9:43:28 PM Application Ended.
30/07/2001 9:43:45 PM Application Started.
30/07/2001 9:43:53 PM Retrieving members of DELLP1000
30/07/2001 9:43:53 PM Completed task
30/07/2001 9:44:05 PM Application Ended.
30/07/2001 9:44:42 PM Application Started.
30/07/2001 9:44:53 PM Retrieving members of DELLP1000
30/07/2001 9:44:53 PM Completed task
30/07/2001 9:45:02 PM Retrieving members of server
30/07/2001 9:45:04 PM Completed task
30/07/2001 9:45:18 PM Retrieving members of server
30/07/2001 9:45:20 PM Completed task
30/07/2001 9:45:22 PM Application Ended.
30/07/2001 9:46:30 PM Application Started.
30/07/2001 9:46:32 PM Retrieving members of DELLP1000
30/07/2001 9:46:32 PM Completed task
30/07/2001 9:46:47 PM Retrieving members of DELLP1000
30/07/2001 9:46:48 PM Completed task
30/07/2001 9:46:49 PM Application Ended.
30/07/2001 9:47:23 PM Application Started.
30/07/2001 9:47:27 PM Retrieving members of DELLP1000
30/07/2001 9:47:27 PM Completed task
30/07/2001 9:47:36 PM Application Ended.
30/07/2001 9:47:58 PM Application Started.
30/07/2001 9:47:59 PM Retrieving members of DELLP1000
30/07/2001 9:47:59 PM Completed task
30/07/2001 9:48:57 PM Retrieving members of server
30/07/2001 9:48:57 PM Completed task
30/07/2001 9:49:32 PM Error -2147024843 (Automation error The network path was not found. ) whilst contacting warnbro
30/07/2001 9:49:32 PM Completed task
30/07/2001 9:49:37 PM Application Ended.
30/07/2001 9:50:49 PM Application Started.
30/07/2001 9:50:54 PM Retrieving members of DELLP1000
30/07/2001 9:50:54 PM Completed task
30/07/2001 9:51:22 PM Error -2147024843 (Automation error The network path was not found. ) whilst contacting warnbro\server
30/07/2001 9:51:22 PM Completed task
30/07/2001 9:51:28 PM Retrieving members of warnbro/server
30/07/2001 9:51:28 PM Completed task
30/07/2001 9:52:11 PM Application Ended.
30/07/2001 10:10:13 PM Application Started.
30/07/2001 10:10:16 PM Error 13 (Type mismatch) whilst contacting DELLP1000
30/07/2001 10:10:16 PM Completed task
30/07/2001 10:10:22 PM Application Ended.
30/07/2001 10:10:34 PM Application Started.
30/07/2001 10:11:45 PM Application Started.
30/07/2001 10:11:53 PM Retrieving members of warnbro
30/07/2001 10:11:54 PM Completed task
30/07/2001 10:12:14 PM Application Ended.
30/07/2001 10:21:54 PM Application Started.
30/07/2001 10:22:55 PM Error 13 (Type mismatch) whilst contacting DELLP1000
30/07/2001 10:22:55 PM Completed task
30/07/2001 10:23:01 PM Application Ended.
30/07/2001 10:23:04 PM Application Started.
30/07/2001 10:23:12 PM Error 13 (Type mismatch) whilst contacting DELLP1000
30/07/2001 10:23:12 PM Completed task
30/07/2001 10:23:15 PM Error 13 (Type mismatch) whilst contacting DELLP1000
30/07/2001 10:23:15 PM Completed task
30/07/2001 10:23:18 PM Application Ended.
30/07/2001 10:23:27 PM Application Started.
30/07/2001 10:23:41 PM Application Started.
30/07/2001 10:23:47 PM Retrieving members of warnbro
30/07/2001 10:23:47 PM Completed task
30/07/2001 10:23:51 PM Retrieving members of warnbro
30/07/2001 10:23:52 PM Completed task
30/07/2001 10:23:56 PM Application Ended.
30/07/2001 10:24:12 PM Application Started.
30/07/2001 10:24:20 PM Retrieving members of warnbro
30/07/2001 10:24:21 PM Completed task
30/07/2001 10:24:24 PM Retrieving members of warnbro
30/07/2001 10:24:24 PM Completed task
30/07/2001 10:24:29 PM Retrieving members of warnbro
30/07/2001 10:24:30 PM Completed task
30/07/2001 10:24:33 PM Retrieving members of warnbro
30/07/2001 10:24:34 PM Completed task
30/07/2001 10:24:38 PM Retrieving members of warnbro
30/07/2001 10:24:38 PM Completed task
30/07/2001 10:24:53 PM Retrieving members of warnbro
30/07/2001 10:24:54 PM Completed task
30/07/2001 10:25:03 PM Application Ended.
30/07/2001 10:25:17 PM Application Started.
30/07/2001 10:25:26 PM Retrieving members of warnbro
30/07/2001 10:25:26 PM Completed task
30/07/2001 10:25:29 PM Application Ended.
30/07/2001 10:28:49 PM Application Started.
30/07/2001 10:30:00 PM Application Started.
30/07/2001 10:33:02 PM Application Started.
30/07/2001 10:33:16 PM Retrieving members of WARNBRO
30/07/2001 10:33:16 PM Completed task
30/07/2001 10:33:19 PM Retrieving members of WARNBRO
30/07/2001 10:33:19 PM Completed task
30/07/2001 10:33:23 PM Retrieving members of WARNBRO
30/07/2001 10:33:23 PM Completed task
30/07/2001 10:33:27 PM Retrieving members of WARNBRO
30/07/2001 10:33:27 PM Completed task
30/07/2001 10:33:33 PM Application Ended.
30/07/2001 10:40:16 PM Application Started.
30/07/2001 10:40:32 PM Retrieving members of warnbro
30/07/2001 10:40:52 PM Application Started.
30/07/2001 10:41:18 PM Retrieving members of warnbro
30/07/2001 10:41:18 PM Completed task
30/07/2001 10:41:24 PM Retrieving members of warnbro
30/07/2001 10:41:24 PM Completed task
30/07/2001 10:41:29 PM Retrieving members of warnbro
30/07/2001 10:41:29 PM Completed task
30/07/2001 10:42:06 PM Application Ended.
30/07/2001 10:44:39 PM Application Started.
30/07/2001 10:44:48 PM Retrieving members of warnbro
30/07/2001 10:44:48 PM Completed task
30/07/2001 10:44:52 PM Retrieving members of warnbro
30/07/2001 10:44:52 PM Completed task
30/07/2001 10:44:57 PM Retrieving members of warnbro
30/07/2001 10:44:57 PM Completed task
30/07/2001 10:45:03 PM Retrieving members of warnbro
30/07/2001 10:45:04 PM Completed task
30/07/2001 10:45:22 PM Application Ended.
30/07/2001 10:47:15 PM Application Started.
30/07/2001 10:47:20 PM Application Ended.
30/07/2001 10:48:49 PM Application Started.
30/07/2001 10:48:56 PM Application Ended.
30/07/2001 10:50:45 PM Application Started.
30/07/2001 10:50:50 PM Application Ended.
30/07/2001 10:51:30 PM Application Started.
30/07/2001 10:51:35 PM Application Ended.
30/07/2001 10:53:01 PM Application Started.
30/07/2001 10:53:10 PM Retrieving members of warnbro
30/07/2001 10:53:11 PM Completed task
30/07/2001 10:53:15 PM Retrieving members of warnbro
30/07/2001 10:53:16 PM Completed task
30/07/2001 10:53:27 PM Application Ended.
30/07/2001 10:54:47 PM Application Started.
30/07/2001 10:54:51 PM Application Ended.
30/07/2001 10:55:44 PM Application Started.
30/07/2001 10:55:59 PM Retrieving members of warnbro
30/07/2001 10:55:59 PM Completed task
30/07/2001 10:56:21 PM Retrieving members of warnbro
30/07/2001 10:56:21 PM Completed task
30/07/2001 10:56:29 PM Application Ended.
