31/07/2001 9:20:02 AM Application Started.
31/07/2001 9:22:30 AM Retrieving members of moj_master
31/07/2001 9:22:40 AM Completed task
31/07/2001 9:22:56 AM Application Ended.
31/07/2001 9:30:13 AM Application Started.
31/07/2001 9:30:22 AM Retrieving members of OMPERTH
31/07/2001 9:30:24 AM Completed task
31/07/2001 9:32:01 AM Retrieving members of ommetrosouth
31/07/2001 9:32:09 AM Completed task
31/07/2001 9:34:09 AM Retrieving members of ommetronorth
31/07/2001 9:34:15 AM Completed task
31/07/2001 9:35:08 AM Retrieving members of omsouth
31/07/2001 9:35:12 AM Completed task
31/07/2001 9:36:06 AM Retrieving members of omnorth
31/07/2001 9:36:10 AM Completed task
31/07/2001 9:37:02 AM Retrieving members of corp_services
31/07/2001 9:37:04 AM Completed task
31/07/2001 9:37:44 AM Retrieving members of justice
31/07/2001 9:37:44 AM Completed task
31/07/2001 9:38:06 AM Retrieving members of justicex
31/07/2001 9:38:32 AM Completed task
31/07/2001 9:39:13 AM Retrieving members of jjd
31/07/2001 9:39:13 AM Completed task
31/07/2001 9:40:01 AM Retrieving members of local_court
31/07/2001 9:40:02 AM Completed task
31/07/2001 9:41:39 AM Retrieving members of rgo
31/07/2001 9:41:40 AM Completed task
31/07/2001 9:42:25 AM Retrieving members of vss
31/07/2001 9:42:25 AM Completed task
31/07/2001 9:44:10 AM Retrieving members of dcjudg
31/07/2001 9:44:38 AM Completed task
31/07/2001 9:44:41 AM Retrieving members of dcjudg
31/07/2001 9:45:09 AM Completed task
31/07/2001 11:50:22 AM Application Ended.
31/07/2001 9:50:14 PM Application Started.
31/07/2001 9:51:31 PM Retrieving members of warnbro
31/07/2001 9:53:22 PM Completed task
31/07/2001 9:53:26 PM Application Ended.
31/07/2001 10:15:37 PM Application Started.
31/07/2001 10:15:42 PM Application Ended.
31/07/2001 10:17:53 PM Application Started.
31/07/2001 10:18:12 PM Application Ended.
31/07/2001 10:21:04 PM Application Started.
31/07/2001 10:24:30 PM Application Started.
31/07/2001 10:25:03 PM Retrieving members of warnbro
31/07/2001 10:25:08 PM Completed task
31/07/2001 10:25:26 PM Retrieving members of warnbro
31/07/2001 10:25:31 PM Completed task
31/07/2001 10:25:42 PM Application Ended.
31/07/2001 10:36:28 PM Application Started.
31/07/2001 10:36:54 PM Retrieving members of warnbro
31/07/2001 10:38:08 PM Completed task
31/07/2001 10:38:20 PM Retrieving members of warnbro
31/07/2001 10:38:25 PM Completed task
31/07/2001 10:38:38 PM Application Ended.
31/07/2001 10:40:13 PM Application Started.
31/07/2001 10:40:51 PM Retrieving members of warnbro
31/07/2001 10:40:56 PM Completed task
31/07/2001 10:41:02 PM Application Ended.
31/07/2001 10:45:52 PM Application Started.
31/07/2001 10:46:17 PM Retrieving members of warnbro
31/07/2001 10:46:22 PM Completed task
31/07/2001 10:46:46 PM Application Ended.
31/07/2001 10:51:29 PM Application Started.
31/07/2001 10:51:56 PM Retrieving members of warnbro
31/07/2001 10:52:01 PM Completed task
31/07/2001 10:57:58 PM Retrieving members of warnbro
31/07/2001 10:58:03 PM Completed task
31/07/2001 10:58:16 PM Application Ended.
31/07/2001 11:00:14 PM Application Started.
31/07/2001 11:00:35 PM Retrieving members of warnbro
31/07/2001 11:00:40 PM Completed task
31/07/2001 11:00:53 PM Retrieving members of warnbro
31/07/2001 11:00:58 PM Completed task
31/07/2001 11:01:23 PM Retrieving members of warnbro
31/07/2001 11:01:29 PM Completed task
31/07/2001 11:01:39 PM Application Ended.
31/07/2001 11:03:51 PM Application Started.
31/07/2001 11:03:55 PM Application Ended.
31/07/2001 11:04:12 PM Application Started.
31/07/2001 11:04:34 PM Retrieving members of warnbro
31/07/2001 11:04:39 PM Completed task
31/07/2001 11:05:34 PM Retrieving members of warnbro
31/07/2001 11:05:39 PM Completed task
31/07/2001 11:05:58 PM Application Ended.
31/07/2001 11:08:09 PM Application Started.
31/07/2001 11:08:35 PM Retrieving members of warnbro
31/07/2001 11:08:36 PM Completed task
31/07/2001 11:08:45 PM Retrieving members of warnbro
31/07/2001 11:08:50 PM Completed task
31/07/2001 11:09:05 PM Retrieving members of warnbro
31/07/2001 11:09:11 PM Completed task
31/07/2001 11:09:19 PM Retrieving members of warnbro
31/07/2001 11:09:20 PM Completed task
31/07/2001 11:09:35 PM Application Ended.
31/07/2001 11:10:28 PM Application Started.
31/07/2001 11:10:33 PM Application Ended.
