Line 648: Class Threed.SSCommand of control ssRemove was not a loaded control class.
Line 726: Class Threed.SSCommand of control ssDelete was not a loaded control class.
Line 844: Class Threed.SSCommand of control cmdSelect2 was not a loaded control class.
Line 868: Class Threed.SSCommand of control ssBrowse2 was not a loaded control class.
Line 898: Class Threed.SSCommand of control ssBrowse1 was not a loaded control class.
Line 930: Class Threed.SSCommand of control cmdSelect1 was not a loaded control class.
Line 654: The property name _Version in ssRemove is invalid.
Line 655: The property name _ExtentX in ssRemove is invalid.
Line 656: The property name _ExtentY in ssRemove is invalid.
Line 657: The property name _StockProps in ssRemove is invalid.
Line 658: The property name Caption in ssRemove is invalid.
Line 669: The property name RoundedCorners in ssRemove is invalid.
Line 670: The property name Outline in ssRemove is invalid.
Line 732: The property name _Version in ssDelete is invalid.
Line 733: The property name _ExtentX in ssDelete is invalid.
Line 734: The property name _ExtentY in ssDelete is invalid.
Line 735: The property name _StockProps in ssDelete is invalid.
Line 736: The property name Caption in ssDelete is invalid.
Line 747: The property name RoundedCorners in ssDelete is invalid.
Line 748: The property name Outline in ssDelete is invalid.
Line 850: The property name _Version in cmdSelect2 is invalid.
Line 851: The property name _ExtentX in cmdSelect2 is invalid.
Line 852: The property name _ExtentY in cmdSelect2 is invalid.
Line 853: The property name _StockProps in cmdSelect2 is invalid.
Line 854: The property name Caption in cmdSelect2 is invalid.
Line 865: The property name RoundedCorners in cmdSelect2 is invalid.
Line 866: The property name Outline in cmdSelect2 is invalid.
Line 874: The property name _Version in ssBrowse2 is invalid.
Line 875: The property name _ExtentX in ssBrowse2 is invalid.
Line 876: The property name _ExtentY in ssBrowse2 is invalid.
Line 877: The property name _StockProps in ssBrowse2 is invalid.
Line 878: The property name Caption in ssBrowse2 is invalid.
Line 889: The property name RoundedCorners in ssBrowse2 is invalid.
Line 890: The property name Outline in ssBrowse2 is invalid.
Line 904: The property name _Version in ssBrowse1 is invalid.
Line 905: The property name _ExtentX in ssBrowse1 is invalid.
Line 906: The property name _ExtentY in ssBrowse1 is invalid.
Line 907: The property name _StockProps in ssBrowse1 is invalid.
Line 908: The property name Caption in ssBrowse1 is invalid.
Line 919: The property name RoundedCorners in ssBrowse1 is invalid.
Line 920: The property name Outline in ssBrowse1 is invalid.
Line 936: The property name _Version in cmdSelect1 is invalid.
Line 937: The property name _ExtentX in cmdSelect1 is invalid.
Line 938: The property name _ExtentY in cmdSelect1 is invalid.
Line 939: The property name _StockProps in cmdSelect1 is invalid.
Line 940: The property name Caption in cmdSelect1 is invalid.
Line 951: The property name RoundedCorners in cmdSelect1 is invalid.
Line 952: The property name Outline in cmdSelect1 is invalid.
Line 654: The property name _Version in ssRemove is invalid.
Line 655: The property name _ExtentX in ssRemove is invalid.
Line 656: The property name _ExtentY in ssRemove is invalid.
Line 657: The property name _StockProps in ssRemove is invalid.
Line 658: The property name Caption in ssRemove is invalid.
Line 669: The property name RoundedCorners in ssRemove is invalid.
Line 670: The property name Outline in ssRemove is invalid.
Line 732: The property name _Version in ssDelete is invalid.
Line 733: The property name _ExtentX in ssDelete is invalid.
Line 734: The property name _ExtentY in ssDelete is invalid.
Line 735: The property name _StockProps in ssDelete is invalid.
Line 736: The property name Caption in ssDelete is invalid.
Line 747: The property name RoundedCorners in ssDelete is invalid.
Line 748: The property name Outline in ssDelete is invalid.
Line 850: The property name _Version in cmdSelect2 is invalid.
Line 851: The property name _ExtentX in cmdSelect2 is invalid.
Line 852: The property name _ExtentY in cmdSelect2 is invalid.
Line 853: The property name _StockProps in cmdSelect2 is invalid.
Line 854: The property name Caption in cmdSelect2 is invalid.
Line 865: The property name RoundedCorners in cmdSelect2 is invalid.
Line 866: The property name Outline in cmdSelect2 is invalid.
Line 874: The property name _Version in ssBrowse2 is invalid.
Line 875: The property name _ExtentX in ssBrowse2 is invalid.
Line 876: The property name _ExtentY in ssBrowse2 is invalid.
Line 877: The property name _StockProps in ssBrowse2 is invalid.
Line 878: The property name Caption in ssBrowse2 is invalid.
Line 889: The property name RoundedCorners in ssBrowse2 is invalid.
Line 890: The property name Outline in ssBrowse2 is invalid.
Line 904: The property name _Version in ssBrowse1 is invalid.
Line 905: The property name _ExtentX in ssBrowse1 is invalid.
Line 906: The property name _ExtentY in ssBrowse1 is invalid.
Line 907: The property name _StockProps in ssBrowse1 is invalid.
Line 908: The property name Caption in ssBrowse1 is invalid.
Line 919: The property name RoundedCorners in ssBrowse1 is invalid.
Line 920: The property name Outline in ssBrowse1 is invalid.
Line 936: The property name _Version in cmdSelect1 is invalid.
Line 937: The property name _ExtentX in cmdSelect1 is invalid.
Line 938: The property name _ExtentY in cmdSelect1 is invalid.
Line 939: The property name _StockProps in cmdSelect1 is invalid.
Line 940: The property name Caption in cmdSelect1 is invalid.
Line 951: The property name RoundedCorners in cmdSelect1 is invalid.
Line 952: The property name Outline in cmdSelect1 is invalid.
