Line 3: Property Picture in FrmMain could not be set.
Line 58: Property Picture in ListImage1 had an invalid file reference.
Line 62: Property Picture in ListImage2 had an invalid file reference.
Line 66: Property Picture in ListImage3 had an invalid file reference.
Line 70: Property Picture in ListImage4 had an invalid file reference.
Line 98: Property Picture in ListImage1 had an invalid file reference.
Line 102: Property Picture in ListImage2 had an invalid file reference.
Line 106: Property Picture in ListImage3 had an invalid file reference.
Line 110: Property Picture in ListImage4 had an invalid file reference.
Line 128: Property Picture in ListImage1 had an invalid file reference.
Line 132: Property Picture in ListImage2 had an invalid file reference.
Line 136: Property Picture in ListImage3 had an invalid file reference.
Line 140: Property Picture in ListImage4 had an invalid file reference.
Line 158: Property Picture in ListImage1 had an invalid file reference.
Line 162: Property Picture in ListImage2 had an invalid file reference.
Line 166: Property Picture in ListImage3 had an invalid file reference.
Line 170: Property Picture in ListImage4 had an invalid file reference.
Line 188: Property Picture in ListImage1 had an invalid file reference.
Line 192: Property Picture in ListImage2 had an invalid file reference.
Line 196: Property Picture in ListImage3 had an invalid file reference.
Line 200: Property Picture in ListImage4 had an invalid file reference.
Line 213: Property Picture in btnBottomDown had an invalid file reference.
Line 222: Property Picture in btnBottomDown had an invalid file reference.
Line 230: Property Picture in btnBottomDown had an invalid file reference.
Line 238: Property Picture in Image9 had an invalid file reference.
Line 246: Property Picture in Image8 had an invalid file reference.
Line 254: Property Picture in Image7 had an invalid file reference.
Line 262: Property Picture in Image6 had an invalid file reference.
Line 270: Property Picture in Image5 had an invalid file reference.
Line 278: Property Picture in Image4 had an invalid file reference.
Line 298: Property Picture in Image2 had an invalid file reference.
Line 305: Property Picture in Image1 had an invalid file reference.
Line 552: Property Picture in imgClose had an invalid file reference.
Line 561: Property Picture in imgMinimize had an invalid file reference.
Line 581: Property Picture in Image3 had an invalid file reference.
Line 3: Property Picture in FrmMain could not be set.
Line 58: Property Picture in ListImage1 had an invalid file reference.
Line 62: Property Picture in ListImage2 had an invalid file reference.
Line 66: Property Picture in ListImage3 had an invalid file reference.
Line 70: Property Picture in ListImage4 had an invalid file reference.
Line 98: Property Picture in ListImage1 had an invalid file reference.
Line 102: Property Picture in ListImage2 had an invalid file reference.
Line 106: Property Picture in ListImage3 had an invalid file reference.
Line 110: Property Picture in ListImage4 had an invalid file reference.
Line 128: Property Picture in ListImage1 had an invalid file reference.
Line 132: Property Picture in ListImage2 had an invalid file reference.
Line 136: Property Picture in ListImage3 had an invalid file reference.
Line 140: Property Picture in ListImage4 had an invalid file reference.
Line 158: Property Picture in ListImage1 had an invalid file reference.
Line 162: Property Picture in ListImage2 had an invalid file reference.
Line 166: Property Picture in ListImage3 had an invalid file reference.
Line 170: Property Picture in ListImage4 had an invalid file reference.
Line 188: Property Picture in ListImage1 had an invalid file reference.
Line 192: Property Picture in ListImage2 had an invalid file reference.
Line 196: Property Picture in ListImage3 had an invalid file reference.
Line 200: Property Picture in ListImage4 had an invalid file reference.
Line 213: Property Picture in btnBottomDown had an invalid file reference.
Line 222: Property Picture in btnBottomDown had an invalid file reference.
Line 230: Property Picture in btnBottomDown had an invalid file reference.
Line 238: Property Picture in Image9 had an invalid file reference.
Line 246: Property Picture in Image8 had an invalid file reference.
Line 254: Property Picture in Image7 had an invalid file reference.
Line 262: Property Picture in Image6 had an invalid file reference.
Line 270: Property Picture in Image5 had an invalid file reference.
Line 278: Property Picture in Image4 had an invalid file reference.
Line 298: Property Picture in Image2 had an invalid file reference.
Line 305: Property Picture in Image1 had an invalid file reference.
Line 552: Property Picture in imgClose had an invalid file reference.
Line 561: Property Picture in imgMinimize had an invalid file reference.
Line 581: Property Picture in Image3 had an invalid file reference.
