31/07/2001 9:20:02 AM Application Started.
31/07/2001 9:22:30 AM Retrieving members of moj_master
31/07/2001 9:22:40 AM Completed task
31/07/2001 9:22:56 AM Application Ended.
31/07/2001 9:30:13 AM Application Started.
31/07/2001 9:30:22 AM Retrieving members of OMPERTH
31/07/2001 9:30:24 AM Completed task
31/07/2001 9:32:01 AM Retrieving members of ommetrosouth
31/07/2001 9:32:09 AM Completed task
31/07/2001 9:34:09 AM Retrieving members of ommetronorth
31/07/2001 9:34:15 AM Completed task
31/07/2001 9:35:08 AM Retrieving members of omsouth
31/07/2001 9:35:12 AM Completed task
31/07/2001 9:36:06 AM Retrieving members of omnorth
31/07/2001 9:36:10 AM Completed task
31/07/2001 9:37:02 AM Retrieving members of corp_services
31/07/2001 9:37:04 AM Completed task
31/07/2001 9:37:44 AM Retrieving members of justice
31/07/2001 9:37:44 AM Completed task
31/07/2001 9:38:06 AM Retrieving members of justicex
31/07/2001 9:38:32 AM Completed task
31/07/2001 9:39:13 AM Retrieving members of jjd
31/07/2001 9:39:13 AM Completed task
31/07/2001 9:40:01 AM Retrieving members of local_court
31/07/2001 9:40:02 AM Completed task
31/07/2001 9:41:39 AM Retrieving members of rgo
31/07/2001 9:41:40 AM Completed task
31/07/2001 9:42:25 AM Retrieving members of vss
31/07/2001 9:42:25 AM Completed task
31/07/2001 9:44:10 AM Retrieving members of dcjudg
31/07/2001 9:44:38 AM Completed task
31/07/2001 9:44:41 AM Retrieving members of dcjudg
31/07/2001 9:45:09 AM Completed task
31/07/2001 11:50:22 AM Application Ended.
