11:32:50 AM Release OK
11:32:53 AM Renew OK
11:32:50 AM Release OK
11:32:58 AM Release OK
11:33:01 AM Renew OK
11:32:50 AM Release OK
11:33:06 AM Release OK
11:33:09 AM Renew OK
11:32:50 AM Release OK
19/05/2003 11:01:40 AM Release OK.  IPAddress = 
19/05/2003 11:01:42 AM Renew OK
19/05/2003 11:03:16 AM Release OK.
19/05/2003 11:03:18 AM Renew OK.  IPAddress = 
19/05/2003 11:03:24 AM Release OK.
19/05/2003 11:03:26 AM Renew OK.  IPAddress = 
19/05/2003 11:04:51 AM Release OK.
19/05/2003 11:04:54 AM Renew OK.  IPAddress = 
19/05/2003 11:05:57 AM Release OK.
19/05/2003 11:06:00 AM Renew OK.  IPAddress = 
19/05/2003 11:06:05 AM Release OK.
19/05/2003 11:06:08 AM Renew OK.  IPAddress = 
19/05/2003 11:07:45 AM Release OK.
19/05/2003 11:07:53 AM Release OK.
19/05/2003 11:08:58 AM Release OK.
19/05/2003 11:09:01 AM Renew OK.
